{
	"hostname": "test",
	"port": 443,
	"path": "/test/test/tag/test,test,test",
	"method": "POST"
}