{
	"baseUrl": "https://test",
	"uri": "/test/test/tag/test,test,test",
	"body": "test"
}
